// Jest Snapshot v1, https://goo.gl/fbAQLP

exports[`ChannelLogo should render with props 1`] = `ShallowWrapper {}`;
