// Jest Snapshot v1, https://goo.gl/fbAQLP

exports[`CalendarHeader should render with props 1`] = `ShallowWrapper {}`;
